# FULLSIM SAMPLES
# Sample template
template "outfile=.oO[OUTFILE]Oo. sample=.oO[SAMPLE]Oo. condorsite=t2.ucsd.edu condoroutdir=/hadoop/cms/store/user/usarica/STOP_1L/Samples_GenOnly_2016/.oO[DATE]Oo./.oO[OUTFILECORE]Oo. indir=/hadoop/cms/store/group/snt/run2_mc2016 outdir=./ year=2016 maxevents=-1 recordeveryn=10000 ismc=true version=80x" 1
# Sample list
/GluGluHToZZTo4L_M125_13TeV_powheg2_JHUGenV709_pythia8/RunIISummer16MiniAODv2-PUMoriond17_80X_mcRun2_asymptotic_2016_TrancheIV_v6-v1/MINIAODSIM
/GluGluHToZZTo4L_M125_13TeV_tunedown_powheg2_JHUgenV700_pythia8/RunIISummer16MiniAODv2-PUMoriond17_80X_mcRun2_asymptotic_2016_TrancheIV_v6-v2/MINIAODSIM
/GluGluHToZZTo4L_M125_13TeV_tuneup_powheg2_JHUgenV700_pythia8/RunIISummer16MiniAODv2-PUMoriond17_80X_mcRun2_asymptotic_2016_TrancheIV_v6-v2/MINIAODSIM
/VBF_HToZZTo4L_M125_13TeV_tunedown_powheg2_JHUgenV700_pythia8/RunIISummer16MiniAODv2-PUMoriond17_80X_mcRun2_asymptotic_2016_TrancheIV_v6-v1/MINIAODSIM
/VBF_HToZZTo4L_M125_13TeV_tuneup_powheg2_JHUgenV700_pythia8/RunIISummer16MiniAODv2-PUMoriond17_80X_mcRun2_asymptotic_2016_TrancheIV_v6-v1/MINIAODSIM
/ZH_HToZZ_4LFilter_M125_13TeV_powheg2-minlo-HZJ_JHUGenV709_pythia8/RunIISummer16MiniAODv2-PUMoriond17_80X_mcRun2_asymptotic_2016_TrancheIV_v6-v1/MINIAODSIM
/ZH_HToZZ_4LFilter_M125_13TeV_tuneup_powheg-minlo-HWJ_JHUgenV700_pythia8/RunIISummer16MiniAODv2-PUMoriond17_80X_mcRun2_asymptotic_2016_TrancheIV_v6-v1/MINIAODSIM
# Sample template
template "outfile=.oO[OUTFILE]Oo. sample=.oO[SAMPLE]Oo. condorsite=t2.ucsd.edu condoroutdir=/hadoop/cms/store/user/usarica/STOP_1L/Samples_GenOnly_2016/.oO[DATE]Oo./.oO[OUTFILECORE]Oo. indir=/hadoop/cms/store/group/snt/run2_mc2016_94x outdir=./ year=2016 maxevents=-1 recordeveryn=10000 ismc=true" 1
# Sample list
/VBF_HToZZTo4L_M125_13TeV_powheg2_JHUGenV709_pythia8/RunIISummer16MiniAODv3-PUMoriond17_94X_mcRun2_asymptotic_v3_ext1-v1/MINIAODSIM
# Sample template
template "outfile=.oO[OUTFILE]Oo. sample=.oO[SAMPLE]Oo. condorsite=t2.ucsd.edu condoroutdir=/hadoop/cms/store/user/usarica/STOP_1L/Samples_GenOnly_2017/.oO[DATE]Oo./.oO[OUTFILECORE]Oo. indir=/hadoop/cms/store/group/snt/run2_mc2017 outdir=./ year=2017 maxevents=-1 recordeveryn=10000 ismc=true" 1
# Sample list
/GluGluHToZZTo4L_M125_13TeV_powheg2_JHUGenV7011_pythia8/RunIIFall17MiniAODv2-PU2017_12Apr2018_94X_mc2017_realistic_v14_ext1-v1/MINIAODSIM
/VBF_HToZZTo4L_M125_13TeV_powheg2_JHUGenV7011_pythia8/RunIIFall17MiniAODv2-PU2017_12Apr2018_94X_mc2017_realistic_v14-v1/MINIAODSIM
/VBF_HToZZTo4L_M125_13TeV_tunedown_powheg2_JHUGenV7011_pythia8/RunIIFall17MiniAODv2-PU2017_12Apr2018_94X_mc2017_realistic_v14_ext1-v1/MINIAODSIM
/ZH_HToZZ_4LFilter_M125_13TeV_powheg2-minlo-HZJ_JHUGenV7011_pythia8/RunIIFall17MiniAODv2-PU2017_12Apr2018_94X_mc2017_realistic_v14-v1/MINIAODSIM
