# DATA SAMPLES
# Sample template
template "outfile=.oO[OUTFILE]Oo. sample=.oO[SAMPLE]Oo. condorsite=t2.ucsd.edu condoroutdir=/hadoop/cms/store/user/usarica/STOP_1L/Samples_2017/.oO[DATE]Oo./.oO[OUTFILECORE]Oo. indir=/hadoop/cms/store/group/snt/run2_data2017 outdir=./ year=2017 maxevents=-1 recordeveryn=10000 ismc=false" 3
# Sample list
/DoubleEG/Run2017B-31Mar2018-v1/MINIAOD
/DoubleEG/Run2017C-31Mar2018-v1/MINIAOD
/DoubleEG/Run2017D-31Mar2018-v1/MINIAOD
/DoubleEG/Run2017E-31Mar2018-v1/MINIAOD
/DoubleEG/Run2017F-09May2018-v1/MINIAOD
/DoubleEG/Run2017F-31Mar2018-v1/MINIAOD
/DoubleMuon/Run2017B-31Mar2018-v1/MINIAOD
/DoubleMuon/Run2017C-31Mar2018-v1/MINIAOD
/DoubleMuon/Run2017D-31Mar2018-v1/MINIAOD
/DoubleMuon/Run2017E-31Mar2018-v1/MINIAOD
/DoubleMuon/Run2017F-09May2018-v1/MINIAOD
/DoubleMuon/Run2017F-31Mar2018-v1/MINIAOD
/HTMHT/Run2017B-31Mar2018-v1/MINIAOD
/HTMHT/Run2017C-31Mar2018-v1/MINIAOD
/HTMHT/Run2017D-31Mar2018-v1/MINIAOD
/HTMHT/Run2017E-31Mar2018-v1/MINIAOD
/HTMHT/Run2017F-09May2018-v1/MINIAOD
/HTMHT/Run2017F-31Mar2018-v1/MINIAOD
/JetHT/Run2017B-31Mar2018-v1/MINIAOD
/JetHT/Run2017C-31Mar2018-v1/MINIAOD
/JetHT/Run2017D-31Mar2018-v1/MINIAOD
/JetHT/Run2017E-31Mar2018-v1/MINIAOD
/JetHT/Run2017F-09May2018-v1/MINIAOD
/JetHT/Run2017F-31Mar2018-v1/MINIAOD
/MET/Run2017B-31Mar2018-v1/MINIAOD
/MET/Run2017C-31Mar2018-v1/MINIAOD
/MET/Run2017D-31Mar2018-v1/MINIAOD
/MET/Run2017E-31Mar2018-v1/MINIAOD
/MET/Run2017F-09May2018-v1/MINIAOD
/MET/Run2017F-31Mar2018-v1/MINIAOD
/MuonEG/Run2017B-31Mar2018-v1/MINIAOD
/MuonEG/Run2017C-31Mar2018-v1/MINIAOD
/MuonEG/Run2017D-31Mar2018-v1/MINIAOD
/MuonEG/Run2017E-31Mar2018-v1/MINIAOD
/MuonEG/Run2017F-09May2018-v1/MINIAOD
/MuonEG/Run2017F-31Mar2018-v1/MINIAOD
/SingleElectron/Run2017B-31Mar2018-v1/MINIAOD
/SingleElectron/Run2017C-31Mar2018-v1/MINIAOD
/SingleElectron/Run2017D-31Mar2018-v1/MINIAOD
/SingleElectron/Run2017E-31Mar2018-v1/MINIAOD
/SingleElectron/Run2017F-09May2018-v1/MINIAOD
/SingleElectron/Run2017F-31Mar2018-v1/MINIAOD
/SingleMuon/Run2017B-31Mar2018-v1/MINIAOD
/SingleMuon/Run2017C-31Mar2018-v1/MINIAOD
/SingleMuon/Run2017D-31Mar2018-v1/MINIAOD
/SingleMuon/Run2017E-31Mar2018-v1/MINIAOD
/SingleMuon/Run2017F-09May2018-v1/MINIAOD
/SingleMuon/Run2017F-31Mar2018-v1/MINIAOD
/SinglePhoton/Run2017B-31Mar2018-v1/MINIAOD
/SinglePhoton/Run2017C-31Mar2018-v1/MINIAOD
/SinglePhoton/Run2017D-31Mar2018-v1/MINIAOD
/SinglePhoton/Run2017E-31Mar2018-v1/MINIAOD
/SinglePhoton/Run2017F-09May2018-v1/MINIAOD
/SinglePhoton/Run2017F-31Mar2018-v1/MINIAOD
