# DATA SAMPLES
# Sample template
template "outfile=.oO[OUTFILE]Oo. sample=.oO[SAMPLE]Oo. condorsite=t2.ucsd.edu condoroutdir=/hadoop/cms/store/user/usarica/STOP_1L/Samples_2018/.oO[DATE]Oo./.oO[OUTFILECORE]Oo. indir=/hadoop/cms/store/group/snt/run2_data2018 outdir=./ year=2018 maxevents=-1 recordeveryn=10000 ismc=false" 1
# Sample list
/DoubleMuon/Run2018A-17Sep2018-v2/MINIAOD
/DoubleMuon/Run2018B-17Sep2018-v1/MINIAOD
/DoubleMuon/Run2018C-17Sep2018-v1/MINIAOD
/DoubleMuon/Run2018D-PromptReco-v2/MINIAOD
/EGamma/Run2018A-17Sep2018-v2/MINIAOD
/EGamma/Run2018B-17Sep2018-v1/MINIAOD
/EGamma/Run2018C-17Sep2018-v1/MINIAOD
/EGamma/Run2018D-PromptReco-v2/MINIAOD
/JetHT/Run2018A-17Sep2018-v1/MINIAOD
/JetHT/Run2018B-17Sep2018-v1/MINIAOD
/JetHT/Run2018C-17Sep2018-v1/MINIAOD
/JetHT/Run2018D-PromptReco-v2/MINIAOD
/MET/Run2018A-17Sep2018-v1/MINIAOD
/MET/Run2018B-17Sep2018-v1/MINIAOD
/MET/Run2018C-17Sep2018-v1/MINIAOD
/MET/Run2018D-PromptReco-v2/MINIAOD
/MuonEG/Run2018A-17Sep2018-v1/MINIAOD
/MuonEG/Run2018B-17Sep2018-v1/MINIAOD
/MuonEG/Run2018C-17Sep2018-v1/MINIAOD
/MuonEG/Run2018D-PromptReco-v2/MINIAOD
/SingleMuon/Run2018A-17Sep2018-v2/MINIAOD
/SingleMuon/Run2018B-17Sep2018-v1/MINIAOD
/SingleMuon/Run2018C-17Sep2018-v1/MINIAOD
/SingleMuon/Run2018D-PromptReco-v2/MINIAOD
